{
    "uid": 1,
    "pid": 1,
    "typoScriptKey": "typoscriptKey555",
    "subject": "***",
    "message": "***",
    "mailFrom": "***",
    "mailTo": "***",
    "mailCopy": "***",
    "mailBlindCopy": "***",
    "headers": "***",
    "result": "Not send until now",
    "status": 0,
    "debug": "",
    "sysLanguageUid": 0
}
