{
    "uid": 1,
    "pid": 1,
    "typoScriptKey": "typoscriptKey555",
    "subject": "subject555",
    "message": "message555",
    "mailFrom": "mail555@test.test",
    "mailTo": "mail555@test.test",
    "mailCopy": "mail555@test.test",
    "mailBlindCopy": "mail555@test.test",
    "headers": "headers555",
    "result": "Not send until now",
    "status": 0,
    "debug": "",
    "sysLanguageUid": 0
}
