{
    "uid": 1,
    "pid": 1,
    "typoScriptKey": "typoscriptKey558",
    "subject": "subject558",
    "message": "message558",
    "mailFrom": "mail558@test.test",
    "mailTo": "mail558@test.test",
    "mailCopy": "mail558@test.test",
    "mailBlindCopy": "mail558@test.test",
    "headers": "headers558",
    "result": "Not send until now",
    "status": 0,
    "debug": "",
    "sysLanguageUid": 0
}
