{
    "uid": 1,
    "pid": 1,
    "typoScriptKey": "typoscriptKey7894",
    "subject": "subject7894",
    "message": "message7894",
    "mailFrom": "mail7894@test.test",
    "mailTo": "mail7894@test.test",
    "mailCopy": "mail7894@test.test",
    "mailBlindCopy": "mail7894@test.test",
    "headers": "headers7894",
    "result": "Not send until now",
    "status": 0,
    "debug": "",
    "sysLanguageUid": 0
}
